0 verbose cli C:\Program Files\nodejs\node.exe C:\Program Files\nodejs\node_modules\npm\bin\npm-cli.js
1 info using npm@10.9.3
2 info using node@v22.19.0
3 silly config load:file:C:\Program Files\nodejs\node_modules\npm\npmrc
4 silly config load:file:C:\Users\armad\OneDrive\Документы\Проект в разработке\S-Tracker\.npmrc
5 silly config load:file:C:\Users\armad\.npmrc
6 silly config load:file:C:\Users\armad\AppData\Roaming\npm\etc\npmrc
7 verbose title npm install
8 verbose argv "install" "--package-lock-only" "--offline" "--ignore-scripts" "--cache" ".\\tmp\\f29-npm-cache"
9 verbose logfile logs-max:10 dir:C:\Users\armad\OneDrive\Документы\Проект в разработке\S-Tracker\tmp\f29-npm-cache\_logs\2026-07-22T13_05_19_632Z-
10 verbose logfile C:\Users\armad\OneDrive\Документы\Проект в разработке\S-Tracker\tmp\f29-npm-cache\_logs\2026-07-22T13_05_19_632Z-debug-0.log
11 silly logfile done cleaning log files
12 silly packumentCache heap:4345298944 maxSize:1086324736 maxEntrySize:543162368
13 silly idealTree buildDeps
14 silly audit report null
15 http fetch GET https://registry.npmjs.org/npm attempt 1 failed with EACCES
16 verbose cwd C:\Users\armad\OneDrive\Документы\Проект в разработке\S-Tracker
17 verbose os Windows_NT 10.0.26200
18 verbose node v22.19.0
19 verbose npm  v10.9.3
20 verbose exit 0
21 info ok
